
Discarded input sections

 .text          0x00000000        0x0 c:/program files (x86)/atollic/truestudio for stm32 9.3.0/armtools/bin/../lib/gcc/arm-atollic-eabi/6.3.1/armv6-m/crti.o
 .data          0x00000000        0x0 c:/program files (x86)/atollic/truestudio for stm32 9.3.0/armtools/bin/../lib/gcc/arm-atollic-eabi/6.3.1/armv6-m/crti.o
 .bss           0x00000000        0x0 c:/program files (x86)/atollic/truestudio for stm32 9.3.0/armtools/bin/../lib/gcc/arm-atollic-eabi/6.3.1/armv6-m/crti.o
 .data          0x00000000        0x4 c:/program files (x86)/atollic/truestudio for stm32 9.3.0/armtools/bin/../lib/gcc/arm-atollic-eabi/6.3.1/armv6-m/crtbegin.o
 .text          0x00000000        0x0 Drivers\Src\stm32_gpiox.o
 .data          0x00000000        0x0 Drivers\Src\stm32_gpiox.o
 .bss           0x00000000        0x0 Drivers\Src\stm32_gpiox.o
 .text.GPIO_PheripheralClockControl
                0x00000000       0x54 Drivers\Src\stm32_gpiox.o
 .text.GPIO_Init
                0x00000000       0xaa Drivers\Src\stm32_gpiox.o
 .text.GPIO_DeInit
                0x00000000       0x10 Drivers\Src\stm32_gpiox.o
 .text.GPIO_ReadFromInputPin
                0x00000000       0x34 Drivers\Src\stm32_gpiox.o
 .text.GPIO_ReadFromInputPort
                0x00000000       0x22 Drivers\Src\stm32_gpiox.o
 .text.GPIO_WriteToOutputPin
                0x00000000       0x54 Drivers\Src\stm32_gpiox.o
 .text.GPIO_WriteToOutputPort
                0x00000000       0x1e Drivers\Src\stm32_gpiox.o
 .text.GPIO_ToggleOutputPin
                0x00000000       0x2a Drivers\Src\stm32_gpiox.o
 .text.GPIO_IRQCofig
                0x00000000       0x26 Drivers\Src\stm32_gpiox.o
 .text.GPIO_IRQHandling
                0x00000000       0x14 Drivers\Src\stm32_gpiox.o
 .debug_info    0x00000000      0x494 Drivers\Src\stm32_gpiox.o
 .debug_abbrev  0x00000000       0xde Drivers\Src\stm32_gpiox.o
 .debug_aranges
                0x00000000       0x68 Drivers\Src\stm32_gpiox.o
 .debug_ranges  0x00000000       0x58 Drivers\Src\stm32_gpiox.o
 .debug_line    0x00000000      0x254 Drivers\Src\stm32_gpiox.o
 .debug_str     0x00000000      0x3f9 Drivers\Src\stm32_gpiox.o
 .comment       0x00000000       0x7d Drivers\Src\stm32_gpiox.o
 .debug_frame   0x00000000      0x150 Drivers\Src\stm32_gpiox.o
 .ARM.attributes
                0x00000000       0x32 Drivers\Src\stm32_gpiox.o
 .text          0x00000000        0x0 src\main.o
 .data          0x00000000        0x0 src\main.o
 .bss           0x00000000        0x0 src\main.o
 .text.delay    0x00000000       0x28 src\main.o
 .text.main     0x00000000       0x96 src\main.o
 .debug_info    0x00000000      0x1fd src\main.o
 .debug_abbrev  0x00000000       0xcd src\main.o
 .debug_aranges
                0x00000000       0x28 src\main.o
 .debug_ranges  0x00000000       0x18 src\main.o
 .debug_line    0x00000000      0x1bc src\main.o
 .debug_str     0x00000000      0x277 src\main.o
 .comment       0x00000000       0x7d src\main.o
 .debug_frame   0x00000000       0x50 src\main.o
 .ARM.attributes
                0x00000000       0x32 src\main.o
 .text          0x00000000        0x0 c:/program files (x86)/atollic/truestudio for stm32 9.3.0/armtools/bin/../lib/gcc/arm-atollic-eabi/6.3.1/armv6-m/crtend.o
 .data          0x00000000        0x0 c:/program files (x86)/atollic/truestudio for stm32 9.3.0/armtools/bin/../lib/gcc/arm-atollic-eabi/6.3.1/armv6-m/crtend.o
 .bss           0x00000000        0x0 c:/program files (x86)/atollic/truestudio for stm32 9.3.0/armtools/bin/../lib/gcc/arm-atollic-eabi/6.3.1/armv6-m/crtend.o
 .eh_frame      0x00000000        0x4 c:/program files (x86)/atollic/truestudio for stm32 9.3.0/armtools/bin/../lib/gcc/arm-atollic-eabi/6.3.1/armv6-m/crtend.o
 .ARM.attributes
                0x00000000       0x2c c:/program files (x86)/atollic/truestudio for stm32 9.3.0/armtools/bin/../lib/gcc/arm-atollic-eabi/6.3.1/armv6-m/crtend.o
 .text          0x00000000        0x0 c:/program files (x86)/atollic/truestudio for stm32 9.3.0/armtools/bin/../lib/gcc/arm-atollic-eabi/6.3.1/armv6-m/crtn.o
 .data          0x00000000        0x0 c:/program files (x86)/atollic/truestudio for stm32 9.3.0/armtools/bin/../lib/gcc/arm-atollic-eabi/6.3.1/armv6-m/crtn.o
 .bss           0x00000000        0x0 c:/program files (x86)/atollic/truestudio for stm32 9.3.0/armtools/bin/../lib/gcc/arm-atollic-eabi/6.3.1/armv6-m/crtn.o

Memory Configuration

Name             Origin             Length             Attributes
FLASH            0x08000000         0x00030000         xr
RAM              0x20000000         0x00005000         xrw
MEMORY_B1        0x60000000         0x00000000         xr
*default*        0x00000000         0xffffffff

Linker script and memory map

LOAD c:/program files (x86)/atollic/truestudio for stm32 9.3.0/armtools/bin/../lib/gcc/arm-atollic-eabi/6.3.1/armv6-m/crti.o
LOAD c:/program files (x86)/atollic/truestudio for stm32 9.3.0/armtools/bin/../lib/gcc/arm-atollic-eabi/6.3.1/armv6-m/crtbegin.o
LOAD Drivers\Src\stm32_gpiox.o
LOAD src\main.o
                0x00000080                malloc_getpagesize_P = 0x80
START GROUP
LOAD c:/program files (x86)/atollic/truestudio for stm32 9.3.0/armtools/bin/../lib/gcc/arm-atollic-eabi/6.3.1/../../../../arm-atollic-eabi/lib/armv6-m\libc_nano.a
LOAD c:/program files (x86)/atollic/truestudio for stm32 9.3.0/armtools/bin/../lib/gcc/arm-atollic-eabi/6.3.1/../../../../arm-atollic-eabi/lib/armv6-m\libm.a
END GROUP
START GROUP
LOAD c:/program files (x86)/atollic/truestudio for stm32 9.3.0/armtools/bin/../lib/gcc/arm-atollic-eabi/6.3.1/armv6-m\libgcc.a
LOAD c:/program files (x86)/atollic/truestudio for stm32 9.3.0/armtools/bin/../lib/gcc/arm-atollic-eabi/6.3.1/../../../../arm-atollic-eabi/lib/armv6-m\libc_nano.a
END GROUP
START GROUP
LOAD c:/program files (x86)/atollic/truestudio for stm32 9.3.0/armtools/bin/../lib/gcc/arm-atollic-eabi/6.3.1/armv6-m\libgcc.a
LOAD c:/program files (x86)/atollic/truestudio for stm32 9.3.0/armtools/bin/../lib/gcc/arm-atollic-eabi/6.3.1/../../../../arm-atollic-eabi/lib/armv6-m\libc_nano.a
LOAD c:/program files (x86)/atollic/truestudio for stm32 9.3.0/armtools/bin/../lib/gcc/arm-atollic-eabi/6.3.1/../../../../arm-atollic-eabi/lib/armv6-m\libnosys.a
END GROUP
START GROUP
LOAD c:/program files (x86)/atollic/truestudio for stm32 9.3.0/armtools/bin/../lib/gcc/arm-atollic-eabi/6.3.1/armv6-m\libgcc.a
LOAD c:/program files (x86)/atollic/truestudio for stm32 9.3.0/armtools/bin/../lib/gcc/arm-atollic-eabi/6.3.1/../../../../arm-atollic-eabi/lib/armv6-m\libc_nano.a
LOAD c:/program files (x86)/atollic/truestudio for stm32 9.3.0/armtools/bin/../lib/gcc/arm-atollic-eabi/6.3.1/../../../../arm-atollic-eabi/lib/armv6-m\libnosys.a
END GROUP
LOAD c:/program files (x86)/atollic/truestudio for stm32 9.3.0/armtools/bin/../lib/gcc/arm-atollic-eabi/6.3.1/armv6-m/crtend.o
LOAD c:/program files (x86)/atollic/truestudio for stm32 9.3.0/armtools/bin/../lib/gcc/arm-atollic-eabi/6.3.1/armv6-m/crtn.o
                0x20005000                _estack = 0x20005000
                0x00000000                _Min_Heap_Size = 0x0
                0x00000100                _Min_Stack_Size = 0x100

.isr_vector     0x08000000        0x0
                0x08000000                . = ALIGN (0x4)
 *(.isr_vector)
                0x08000000                . = ALIGN (0x4)

.text           0x08000000       0x60
                0x08000000                . = ALIGN (0x4)
 *(.text)
 .text          0x08000000       0x48 c:/program files (x86)/atollic/truestudio for stm32 9.3.0/armtools/bin/../lib/gcc/arm-atollic-eabi/6.3.1/armv6-m/crtbegin.o
 *(.text*)
 *(.glue_7)
 .glue_7        0x08000048        0x0 linker stubs
 *(.glue_7t)
 .glue_7t       0x08000048        0x0 linker stubs
 *(.eh_frame)
 .eh_frame      0x08000048        0x0 c:/program files (x86)/atollic/truestudio for stm32 9.3.0/armtools/bin/../lib/gcc/arm-atollic-eabi/6.3.1/armv6-m/crtbegin.o
 *(.init)
 .init          0x08000048        0x4 c:/program files (x86)/atollic/truestudio for stm32 9.3.0/armtools/bin/../lib/gcc/arm-atollic-eabi/6.3.1/armv6-m/crti.o
                0x08000048                _init
 .init          0x0800004c        0x8 c:/program files (x86)/atollic/truestudio for stm32 9.3.0/armtools/bin/../lib/gcc/arm-atollic-eabi/6.3.1/armv6-m/crtn.o
 *(.fini)
 .fini          0x08000054        0x4 c:/program files (x86)/atollic/truestudio for stm32 9.3.0/armtools/bin/../lib/gcc/arm-atollic-eabi/6.3.1/armv6-m/crti.o
                0x08000054                _fini
 .fini          0x08000058        0x8 c:/program files (x86)/atollic/truestudio for stm32 9.3.0/armtools/bin/../lib/gcc/arm-atollic-eabi/6.3.1/armv6-m/crtn.o
                0x08000060                . = ALIGN (0x4)
                0x08000060                _etext = .

.vfp11_veneer   0x08000060        0x0
 .vfp11_veneer  0x08000060        0x0 linker stubs

.v4_bx          0x08000060        0x0
 .v4_bx         0x08000060        0x0 linker stubs

.iplt           0x08000060        0x0
 .iplt          0x08000060        0x0 c:/program files (x86)/atollic/truestudio for stm32 9.3.0/armtools/bin/../lib/gcc/arm-atollic-eabi/6.3.1/armv6-m/crtbegin.o

.rel.dyn        0x08000060        0x0
 .rel.iplt      0x08000060        0x0 c:/program files (x86)/atollic/truestudio for stm32 9.3.0/armtools/bin/../lib/gcc/arm-atollic-eabi/6.3.1/armv6-m/crtbegin.o

.rodata         0x08000060        0x0
                0x08000060                . = ALIGN (0x4)
 *(.rodata)
 *(.rodata*)
                0x08000060                . = ALIGN (0x4)

.ARM.extab
 *(.ARM.extab* .gnu.linkonce.armextab.*)

.ARM            0x08000060        0x0
                0x08000060                __exidx_start = .
 *(.ARM.exidx*)
                0x08000060                __exidx_end = .

.preinit_array  0x08000060        0x0
                [!provide]                PROVIDE (__preinit_array_start, .)
 *(.preinit_array*)
                [!provide]                PROVIDE (__preinit_array_end, .)

.init_array     0x08000060        0x4
                [!provide]                PROVIDE (__init_array_start, .)
 *(SORT(.init_array.*))
 *(.init_array*)
 .init_array    0x08000060        0x4 c:/program files (x86)/atollic/truestudio for stm32 9.3.0/armtools/bin/../lib/gcc/arm-atollic-eabi/6.3.1/armv6-m/crtbegin.o
                [!provide]                PROVIDE (__init_array_end, .)

.fini_array     0x08000064        0x4
                [!provide]                PROVIDE (__fini_array_start, .)
 *(SORT(.fini_array.*))
 *(.fini_array*)
 .fini_array    0x08000064        0x4 c:/program files (x86)/atollic/truestudio for stm32 9.3.0/armtools/bin/../lib/gcc/arm-atollic-eabi/6.3.1/armv6-m/crtbegin.o
                [!provide]                PROVIDE (__fini_array_end, .)
                0x08000068                _sidata = LOADADDR (.data)

.data           0x20000000        0x0 load address 0x08000068
                0x20000000                . = ALIGN (0x4)
                0x20000000                _sdata = .
 *(.data)
 *(.data*)
                0x20000000                . = ALIGN (0x4)
                0x20000000                _edata = .

.igot.plt       0x20000000        0x0 load address 0x08000068
 .igot.plt      0x20000000        0x0 c:/program files (x86)/atollic/truestudio for stm32 9.3.0/armtools/bin/../lib/gcc/arm-atollic-eabi/6.3.1/armv6-m/crtbegin.o
                0x20000000                . = ALIGN (0x4)

.bss            0x20000000       0x1c load address 0x08000068
                0x20000000                _sbss = .
                0x20000000                __bss_start__ = _sbss
 *(.bss)
 .bss           0x20000000       0x1c c:/program files (x86)/atollic/truestudio for stm32 9.3.0/armtools/bin/../lib/gcc/arm-atollic-eabi/6.3.1/armv6-m/crtbegin.o
 *(.bss*)
 *(COMMON)
                0x2000001c                . = ALIGN (0x4)
                0x2000001c                _ebss = .
                0x2000001c                __bss_end__ = _ebss

._user_heap_stack
                0x2000001c      0x100 load address 0x08000068
                0x2000001c                . = ALIGN (0x4)
                [!provide]                PROVIDE (end, .)
                [!provide]                PROVIDE (_end, .)
                0x2000001c                . = (. + _Min_Heap_Size)
                0x2000011c                . = (. + _Min_Stack_Size)
 *fill*         0x2000001c      0x100 
                0x2000011c                . = ALIGN (0x4)

.memory_b1_text
 *(.mb1text)
 *(.mb1text*)
 *(.mb1rodata)
 *(.mb1rodata*)

/DISCARD/
 libc.a(*)
 libm.a(*)
 libgcc.a(*)

.ARM.attributes
                0x00000000       0x2a
 *(.ARM.attributes)
 .ARM.attributes
                0x00000000       0x1e c:/program files (x86)/atollic/truestudio for stm32 9.3.0/armtools/bin/../lib/gcc/arm-atollic-eabi/6.3.1/armv6-m/crti.o
 .ARM.attributes
                0x0000001e       0x2c c:/program files (x86)/atollic/truestudio for stm32 9.3.0/armtools/bin/../lib/gcc/arm-atollic-eabi/6.3.1/armv6-m/crtbegin.o
 .ARM.attributes
                0x0000004a       0x1e c:/program files (x86)/atollic/truestudio for stm32 9.3.0/armtools/bin/../lib/gcc/arm-atollic-eabi/6.3.1/armv6-m/crtn.o
OUTPUT(vjezba.elf elf32-littlearm)

Cross Reference Table

Symbol                                            File
GPIO_DeInit                                       Drivers\Src\stm32_gpiox.o
GPIO_IRQCofig                                     Drivers\Src\stm32_gpiox.o
GPIO_IRQHandling                                  Drivers\Src\stm32_gpiox.o
GPIO_Init                                         Drivers\Src\stm32_gpiox.o
                                                  src\main.o
GPIO_PheripheralClockControl                      Drivers\Src\stm32_gpiox.o
                                                  src\main.o
GPIO_ReadFromInputPin                             Drivers\Src\stm32_gpiox.o
                                                  src\main.o
GPIO_ReadFromInputPort                            Drivers\Src\stm32_gpiox.o
GPIO_ToggleOutputPin                              Drivers\Src\stm32_gpiox.o
                                                  src\main.o
GPIO_WriteToOutputPin                             Drivers\Src\stm32_gpiox.o
GPIO_WriteToOutputPort                            Drivers\Src\stm32_gpiox.o
__deregister_frame_info                           c:/program files (x86)/atollic/truestudio for stm32 9.3.0/armtools/bin/../lib/gcc/arm-atollic-eabi/6.3.1/armv6-m/crtbegin.o
__dso_handle                                      c:/program files (x86)/atollic/truestudio for stm32 9.3.0/armtools/bin/../lib/gcc/arm-atollic-eabi/6.3.1/armv6-m/crtbegin.o
__register_frame_info                             c:/program files (x86)/atollic/truestudio for stm32 9.3.0/armtools/bin/../lib/gcc/arm-atollic-eabi/6.3.1/armv6-m/crtbegin.o
_fini                                             c:/program files (x86)/atollic/truestudio for stm32 9.3.0/armtools/bin/../lib/gcc/arm-atollic-eabi/6.3.1/armv6-m/crti.o
_init                                             c:/program files (x86)/atollic/truestudio for stm32 9.3.0/armtools/bin/../lib/gcc/arm-atollic-eabi/6.3.1/armv6-m/crti.o
delay                                             src\main.o
main                                              src\main.o
