stm32l0xx_hal_rcc.c:221:13:HAL_RCC_DeInit	8	static
stm32l0xx_hal_rcc.c:240:19:HAL_RCC_OscConfig	32	static
stm32l0xx_hal_rcc.c:701:19:HAL_RCC_ClockConfig	24	static
stm32l0xx_hal_rcc.c:908:6:HAL_RCC_MCOConfig	56	static
stm32l0xx_hal_rcc.c:963:6:HAL_RCC_EnableCSS	8	static
stm32l0xx_hal_rcc.c:1001:10:HAL_RCC_GetSysClockFreq	32	static
stm32l0xx_hal_rcc.c:1082:10:HAL_RCC_GetHCLKFreq	8	static
stm32l0xx_hal_rcc.c:1096:10:HAL_RCC_GetPCLK1Freq	8	static
stm32l0xx_hal_rcc.c:1109:10:HAL_RCC_GetPCLK2Freq	8	static
stm32l0xx_hal_rcc.c:1123:6:HAL_RCC_GetOscConfig	16	static
stm32l0xx_hal_rcc.c:1230:6:HAL_RCC_GetClockConfig	16	static
stm32l0xx_hal_rcc.c:1257:6:HAL_RCC_NMI_IRQHandler	8	static
stm32l0xx_hal_rcc.c:1274:13:HAL_RCC_CSSCallback	8	static
