stm32l0xx_hal.c:154:19:HAL_Init	8	static
stm32l0xx_hal.c:186:19:HAL_DeInit	8	static
stm32l0xx_hal.c:212:13:HAL_MspInit	8	static
stm32l0xx_hal.c:223:13:HAL_MspDeInit	8	static
stm32l0xx_hal.c:247:26:HAL_InitTick	16	static
stm32l0xx_hal.c:294:13:HAL_IncTick	8	static
stm32l0xx_hal.c:305:17:HAL_GetTick	8	static
stm32l0xx_hal.c:320:13:HAL_Delay	24	static
stm32l0xx_hal.c:339:13:HAL_SuspendTick	8	static
stm32l0xx_hal.c:355:13:HAL_ResumeTick	8	static
stm32l0xx_hal.c:365:10:HAL_GetHalVersion	8	static
stm32l0xx_hal.c:374:10:HAL_GetREVID	8	static
stm32l0xx_hal.c:383:10:HAL_GetDEVID	8	static
stm32l0xx_hal.c:392:6:HAL_DBGMCU_EnableDBGSleepMode	8	static
stm32l0xx_hal.c:401:6:HAL_DBGMCU_DisableDBGSleepMode	8	static
stm32l0xx_hal.c:410:6:HAL_DBGMCU_EnableDBGStopMode	8	static
stm32l0xx_hal.c:419:6:HAL_DBGMCU_DisableDBGStopMode	8	static
stm32l0xx_hal.c:428:6:HAL_DBGMCU_EnableDBGStandbyMode	8	static
stm32l0xx_hal.c:437:6:HAL_DBGMCU_DisableDBGStandbyMode	8	static
stm32l0xx_hal.c:451:6:HAL_DBGMCU_DBG_EnableLowPowerConfig	16	static
stm32l0xx_hal.c:468:6:HAL_DBGMCU_DBG_DisableLowPowerConfig	16	static
stm32l0xx_hal.c:485:11:HAL_SYSCFG_GetBootMode	8	static
stm32l0xx_hal.c:494:6:HAL_SYSCFG_EnableVREFINT	8	static
stm32l0xx_hal.c:504:6:HAL_SYSCFG_DisableVREFINT	8	static
stm32l0xx_hal.c:521:6:HAL_SYSCFG_VREFINT_OutputSelect	16	static
stm32l0xx_hal.c:535:6:HAL_SYSCFG_Enable_Lock_VREFINT	8	static
stm32l0xx_hal.c:545:6:HAL_SYSCFG_Disable_Lock_VREFINT	8	static
